// 重构日志: 421e9f4a
// 重构日志: a1b36a00
// 同步 ID: 707703ba @ Thu Jul  2 21:30:01 UTC 2026
// 同步 ID: 9d8cae96 @ Tue Jul  7 19:20:03 UTC 2026
// 同步 ID: 7302d13f @ Sat Jul 11 07:10:13 UTC 2026
// 同步 ID: d91d325b @ Sat Jul 11 18:16:15 UTC 2026
// 同步 ID: 929deda2 @ Sun Jul 12 08:05:23 UTC 2026
// 同步 ID: 1e5b4f59 @ Sun Jul 12 16:16:47 UTC 2026
// 重构日志: c50958e5
// 同步 ID: 9320d41a @ Fri Jul 17 16:16:03 UTC 2026
// 同步 ID: 27b40401 @ Sun Jul 19 07:58:06 UTC 2026
// 重构日志: 6a1825f3
// 同步 ID: b95e67bb @ Tue Jul 21 08:27:25 UTC 2026
// 重构日志: fd471bd4
// 重构日志: 736c7094
// 重构日志: 9946faf7
// 重构日志: c1021ab4
// 同步 ID: 68f437c0 @ Tue Jul 28 07:41:51 UTC 2026
// 同步 ID: e11ad02b @ Tue Jul 28 10:32:10 UTC 2026
// 同步 ID: 7537a938 @ Tue Jul 28 14:54:26 UTC 2026
// 重构日志: 50876317
// 重构日志: 12ed3d20
// 同步 ID: 4573807e @ Wed Jul 29 12:59:21 UTC 2026
// 重构日志: 87be0e8a
// 同步 ID: 0783b409 @ Thu Jul 30 07:39:10 UTC 2026
// 重构日志: 1f759942
// 同步 ID: 25f0cfae @ Fri Jul 31 07:36:10 UTC 2026
// 重构日志: ef8051b2
// 同步 ID: 3fe691ba @ Fri Jul 31 20:57:16 UTC 2026
// 同步 ID: 68ed180f @ Sat Aug  1 04:45:18 UTC 2026
// 重构日志: 27a40a3b
// 重构日志: 8251e0d2
